[2020-05-11T17:05:11.143-0900][gc,heap] Heap region size: 1M
[2020-05-11T17:05:11.143-0900][gc,heap,coops] Heap address: 0x00000007c0000000, size: 1024 MB, Compressed Oops mode: Zero based, Oop shift amount: 3
[2020-05-11T17:05:11.152-0900][gc           ] Using G1
[2020-05-11T17:05:11.152-0900][gc,cds       ] Mark closed archive regions in map: [0x00000007fff00000, 0x00000007fff7aff8]
[2020-05-11T17:05:11.152-0900][gc,cds       ] Mark open archive regions in map: [0x00000007ffe00000, 0x00000007ffe50ff8]
[2020-05-11T17:05:11.168-0900][gc           ] Periodic GC disabled
[2020-05-11T17:05:12.407-0900][gc,start     ] GC(0) Pause Young (Normal) (G1 Evacuation Pause)
[2020-05-11T17:05:12.407-0900][gc,task      ] GC(0) Using 8 workers of 8 for evacuation
[2020-05-11T17:05:12.412-0900][gc,phases    ] GC(0)   Pre Evacuate Collection Set: 0.1ms
[2020-05-11T17:05:12.412-0900][gc,phases    ] GC(0)   Merge Heap Roots: 0.0ms
[2020-05-11T17:05:12.412-0900][gc,phases    ] GC(0)   Evacuate Collection Set: 4.4ms
[2020-05-11T17:05:12.412-0900][gc,phases    ] GC(0)   Post Evacuate Collection Set: 0.4ms
[2020-05-11T17:05:12.412-0900][gc,phases    ] GC(0)   Other: 0.6ms
[2020-05-11T17:05:12.412-0900][gc,heap      ] GC(0) Eden regions: 51->0(44)
[2020-05-11T17:05:12.412-0900][gc,heap      ] GC(0) Survivor regions: 0->7(7)
[2020-05-11T17:05:12.412-0900][gc,heap      ] GC(0) Old regions: 0->0
[2020-05-11T17:05:12.412-0900][gc,heap      ] GC(0) Archive regions: 2->2
[2020-05-11T17:05:12.412-0900][gc,heap      ] GC(0) Humongous regions: 0->0
[2020-05-11T17:05:12.412-0900][gc,metaspace ] GC(0) Metaspace: 15583K(16128K)->15583K(16128K) NonClass: 13451K(13824K)->13451K(13824K) Class: 2131K(2304K)->2131K(2304K)
[2020-05-11T17:05:12.412-0900][gc           ] GC(0) Pause Young (Normal) (G1 Evacuation Pause) 51M->7M(1024M) 5.751ms
[2020-05-11T17:05:12.412-0900][gc,cpu       ] GC(0) User=0.02s Sys=0.01s Real=0.01s
[2020-05-11T17:05:12.829-0900][gc,start     ] GC(1) Pause Young (Concurrent Start) (Metadata GC Threshold)
[2020-05-11T17:05:12.829-0900][gc,task      ] GC(1) Using 8 workers of 8 for evacuation
[2020-05-11T17:05:12.835-0900][gc,phases    ] GC(1)   Pre Evacuate Collection Set: 0.1ms
[2020-05-11T17:05:12.835-0900][gc,phases    ] GC(1)   Merge Heap Roots: 0.1ms
[2020-05-11T17:05:12.835-0900][gc,phases    ] GC(1)   Evacuate Collection Set: 4.6ms
[2020-05-11T17:05:12.835-0900][gc,phases    ] GC(1)   Post Evacuate Collection Set: 0.4ms
[2020-05-11T17:05:12.835-0900][gc,phases    ] GC(1)   Other: 0.2ms
[2020-05-11T17:05:12.835-0900][gc,heap      ] GC(1) Eden regions: 22->0(49)
[2020-05-11T17:05:12.835-0900][gc,heap      ] GC(1) Survivor regions: 7->2(7)
[2020-05-11T17:05:12.835-0900][gc,heap      ] GC(1) Old regions: 0->6
[2020-05-11T17:05:12.835-0900][gc,heap      ] GC(1) Archive regions: 2->2
[2020-05-11T17:05:12.835-0900][gc,heap      ] GC(1) Humongous regions: 129->129
[2020-05-11T17:05:12.835-0900][gc,metaspace ] GC(1) Metaspace: 20533K(21296K)->20533K(21296K) NonClass: 17680K(18096K)->17680K(18096K) Class: 2853K(3200K)->2853K(3200K)
[2020-05-11T17:05:12.835-0900][gc           ] GC(1) Pause Young (Concurrent Start) (Metadata GC Threshold) 157M->137M(1024M) 5.466ms
[2020-05-11T17:05:12.835-0900][gc,cpu       ] GC(1) User=0.03s Sys=0.01s Real=0.01s
[2020-05-11T17:05:12.835-0900][gc           ] GC(2) Concurrent Cycle
[2020-05-11T17:05:12.835-0900][gc,marking   ] GC(2) Concurrent Clear Claimed Marks
[2020-05-11T17:05:12.835-0900][gc,marking   ] GC(2) Concurrent Clear Claimed Marks 0.033ms
[2020-05-11T17:05:12.835-0900][gc,marking   ] GC(2) Concurrent Scan Root Regions
[2020-05-11T17:05:12.837-0900][gc,marking   ] GC(2) Concurrent Scan Root Regions 2.330ms
[2020-05-11T17:05:12.837-0900][gc,marking   ] GC(2) Concurrent Mark (1.702s)
[2020-05-11T17:05:12.837-0900][gc,marking   ] GC(2) Concurrent Mark From Roots
[2020-05-11T17:05:12.837-0900][gc,task      ] GC(2) Using 2 workers of 2 for marking
[2020-05-11T17:05:12.838-0900][gc,marking   ] GC(2) Concurrent Mark From Roots 1.047ms
[2020-05-11T17:05:12.838-0900][gc,marking   ] GC(2) Concurrent Preclean
[2020-05-11T17:05:12.838-0900][gc,marking   ] GC(2) Concurrent Preclean 0.029ms
[2020-05-11T17:05:12.838-0900][gc,marking   ] GC(2) Concurrent Mark (1.702s, 1.703s) 1.169ms
[2020-05-11T17:05:12.839-0900][gc,start     ] GC(2) Pause Remark
[2020-05-11T17:05:12.839-0900][gc           ] GC(2) Pause Remark 137M->137M(1024M) 0.786ms
[2020-05-11T17:05:12.839-0900][gc,cpu       ] GC(2) User=0.00s Sys=0.00s Real=0.00s
[2020-05-11T17:05:12.839-0900][gc,marking   ] GC(2) Concurrent Rebuild Remembered Sets
[2020-05-11T17:05:12.841-0900][gc,marking   ] GC(2) Concurrent Rebuild Remembered Sets 2.004ms
[2020-05-11T17:05:12.842-0900][gc,start     ] GC(2) Pause Cleanup
[2020-05-11T17:05:12.842-0900][gc           ] GC(2) Pause Cleanup 137M->137M(1024M) 0.105ms
[2020-05-11T17:05:12.842-0900][gc,cpu       ] GC(2) User=0.00s Sys=0.00s Real=0.00s
[2020-05-11T17:05:12.842-0900][gc,marking   ] GC(2) Concurrent Cleanup for Next Mark
[2020-05-11T17:05:12.847-0900][gc,marking   ] GC(2) Concurrent Cleanup for Next Mark 4.967ms
[2020-05-11T17:05:12.847-0900][gc           ] GC(2) Concurrent Cycle 12.198ms
[2020-05-11T17:05:13.556-0900][gc,start     ] GC(3) Pause Young (Normal) (G1 Evacuation Pause)
[2020-05-11T17:05:13.556-0900][gc,task      ] GC(3) Using 8 workers of 8 for evacuation
[2020-05-11T17:05:13.564-0900][gc,phases    ] GC(3)   Pre Evacuate Collection Set: 0.1ms
[2020-05-11T17:05:13.564-0900][gc,phases    ] GC(3)   Merge Heap Roots: 0.1ms
[2020-05-11T17:05:13.564-0900][gc,phases    ] GC(3)   Evacuate Collection Set: 8.0ms
[2020-05-11T17:05:13.564-0900][gc,phases    ] GC(3)   Post Evacuate Collection Set: 0.4ms
[2020-05-11T17:05:13.564-0900][gc,phases    ] GC(3)   Other: 0.2ms
[2020-05-11T17:05:13.565-0900][gc,heap      ] GC(3) Eden regions: 49->0(46)
[2020-05-11T17:05:13.565-0900][gc,heap      ] GC(3) Survivor regions: 2->5(7)
[2020-05-11T17:05:13.565-0900][gc,heap      ] GC(3) Old regions: 6->6
[2020-05-11T17:05:13.565-0900][gc,heap      ] GC(3) Archive regions: 2->2
[2020-05-11T17:05:13.565-0900][gc,heap      ] GC(3) Humongous regions: 129->129
[2020-05-11T17:05:13.565-0900][gc,metaspace ] GC(3) Metaspace: 29718K(30896K)->29718K(30896K) NonClass: 25898K(26544K)->25898K(26544K) Class: 3819K(4352K)->3819K(4352K)
[2020-05-11T17:05:13.565-0900][gc           ] GC(3) Pause Young (Normal) (G1 Evacuation Pause) 186M->140M(1024M) 8.909ms
[2020-05-11T17:05:13.565-0900][gc,cpu       ] GC(3) User=0.03s Sys=0.00s Real=0.01s
[2020-05-11T17:05:14.982-0900][gc,start     ] GC(4) Pause Young (Concurrent Start) (Metadata GC Threshold)
[2020-05-11T17:05:14.982-0900][gc,task      ] GC(4) Using 8 workers of 8 for evacuation
[2020-05-11T17:05:14.989-0900][gc,phases    ] GC(4)   Pre Evacuate Collection Set: 0.2ms
[2020-05-11T17:05:14.989-0900][gc,phases    ] GC(4)   Merge Heap Roots: 0.1ms
[2020-05-11T17:05:14.989-0900][gc,phases    ] GC(4)   Evacuate Collection Set: 5.7ms
[2020-05-11T17:05:14.989-0900][gc,phases    ] GC(4)   Post Evacuate Collection Set: 0.5ms
[2020-05-11T17:05:14.989-0900][gc,phases    ] GC(4)   Other: 0.2ms
[2020-05-11T17:05:14.989-0900][gc,heap      ] GC(4) Eden regions: 38->0(48)
[2020-05-11T17:05:14.989-0900][gc,heap      ] GC(4) Survivor regions: 5->3(7)
[2020-05-11T17:05:14.989-0900][gc,heap      ] GC(4) Old regions: 6->11
[2020-05-11T17:05:14.989-0900][gc,heap      ] GC(4) Archive regions: 2->2
[2020-05-11T17:05:14.989-0900][gc,heap      ] GC(4) Humongous regions: 129->129
[2020-05-11T17:05:14.989-0900][gc,metaspace ] GC(4) Metaspace: 34421K(35888K)->34421K(35888K) NonClass: 29906K(30640K)->29906K(30640K) Class: 4515K(5248K)->4515K(5248K)
[2020-05-11T17:05:14.989-0900][gc           ] GC(4) Pause Young (Concurrent Start) (Metadata GC Threshold) 178M->142M(1024M) 6.855ms
[2020-05-11T17:05:14.989-0900][gc,cpu       ] GC(4) User=0.03s Sys=0.00s Real=0.00s
[2020-05-11T17:05:14.989-0900][gc           ] GC(5) Concurrent Cycle
[2020-05-11T17:05:14.989-0900][gc,marking   ] GC(5) Concurrent Clear Claimed Marks
[2020-05-11T17:05:14.989-0900][gc,marking   ] GC(5) Concurrent Clear Claimed Marks 0.089ms
[2020-05-11T17:05:14.989-0900][gc,marking   ] GC(5) Concurrent Scan Root Regions
[2020-05-11T17:05:14.994-0900][gc,marking   ] GC(5) Concurrent Scan Root Regions 5.178ms
[2020-05-11T17:05:14.994-0900][gc,marking   ] GC(5) Concurrent Mark (3.859s)
[2020-05-11T17:05:14.994-0900][gc,marking   ] GC(5) Concurrent Mark From Roots
[2020-05-11T17:05:14.994-0900][gc,task      ] GC(5) Using 2 workers of 2 for marking
[2020-05-11T17:05:15.001-0900][gc,marking   ] GC(5) Concurrent Mark From Roots 6.194ms
[2020-05-11T17:05:15.001-0900][gc,marking   ] GC(5) Concurrent Preclean
[2020-05-11T17:05:15.001-0900][gc,marking   ] GC(5) Concurrent Preclean 0.064ms
[2020-05-11T17:05:15.001-0900][gc,marking   ] GC(5) Concurrent Mark (3.859s, 3.866s) 6.311ms
[2020-05-11T17:05:15.001-0900][gc,start     ] GC(5) Pause Remark
[2020-05-11T17:05:15.002-0900][gc           ] GC(5) Pause Remark 143M->143M(1024M) 1.344ms
[2020-05-11T17:05:15.002-0900][gc,cpu       ] GC(5) User=0.01s Sys=0.00s Real=0.00s
[2020-05-11T17:05:15.002-0900][gc,marking   ] GC(5) Concurrent Rebuild Remembered Sets
[2020-05-11T17:05:15.009-0900][gc,marking   ] GC(5) Concurrent Rebuild Remembered Sets 6.799ms
[2020-05-11T17:05:15.009-0900][gc,start     ] GC(5) Pause Cleanup
[2020-05-11T17:05:15.010-0900][gc           ] GC(5) Pause Cleanup 143M->143M(1024M) 0.159ms
[2020-05-11T17:05:15.010-0900][gc,cpu       ] GC(5) User=0.00s Sys=0.00s Real=0.01s
[2020-05-11T17:05:15.010-0900][gc,marking   ] GC(5) Concurrent Cleanup for Next Mark
[2020-05-11T17:05:15.016-0900][gc,marking   ] GC(5) Concurrent Cleanup for Next Mark 6.614ms
[2020-05-11T17:05:15.016-0900][gc           ] GC(5) Concurrent Cycle 27.350ms
[2020-05-11T17:10:54.135-0900][gc,start     ] GC(6) Pause Young (Normal) (G1 Evacuation Pause)
[2020-05-11T17:10:54.135-0900][gc,task      ] GC(6) Using 8 workers of 8 for evacuation
[2020-05-11T17:10:54.149-0900][gc,phases    ] GC(6)   Pre Evacuate Collection Set: 1.4ms
[2020-05-11T17:10:54.149-0900][gc,phases    ] GC(6)   Merge Heap Roots: 0.1ms
[2020-05-11T17:10:54.149-0900][gc,phases    ] GC(6)   Evacuate Collection Set: 11.4ms
[2020-05-11T17:10:54.149-0900][gc,phases    ] GC(6)   Post Evacuate Collection Set: 0.7ms
[2020-05-11T17:10:54.149-0900][gc,phases    ] GC(6)   Other: 0.4ms
[2020-05-11T17:10:54.149-0900][gc,heap      ] GC(6) Eden regions: 48->0(46)
[2020-05-11T17:10:54.149-0900][gc,heap      ] GC(6) Survivor regions: 3->5(7)
[2020-05-11T17:10:54.149-0900][gc,heap      ] GC(6) Old regions: 11->11
[2020-05-11T17:10:54.149-0900][gc,heap      ] GC(6) Archive regions: 2->2
[2020-05-11T17:10:54.149-0900][gc,heap      ] GC(6) Humongous regions: 129->129
[2020-05-11T17:10:54.149-0900][gc,metaspace ] GC(6) Metaspace: 38342K(40368K)->38342K(40368K) NonClass: 33240K(34224K)->33240K(34224K) Class: 5101K(6144K)->5101K(6144K)
[2020-05-11T17:10:54.149-0900][gc           ] GC(6) Pause Young (Normal) (G1 Evacuation Pause) 190M->144M(1024M) 14.038ms
[2020-05-11T17:10:54.149-0900][gc,cpu       ] GC(6) User=0.03s Sys=0.04s Real=0.01s
[2020-05-11T17:18:12.379-0900][gc,start     ] GC(7) Pause Young (Normal) (G1 Evacuation Pause)
[2020-05-11T17:18:12.379-0900][gc,task      ] GC(7) Using 8 workers of 8 for evacuation
[2020-05-11T17:18:12.386-0900][gc,phases    ] GC(7)   Pre Evacuate Collection Set: 0.1ms
[2020-05-11T17:18:12.386-0900][gc,phases    ] GC(7)   Merge Heap Roots: 0.1ms
[2020-05-11T17:18:12.386-0900][gc,phases    ] GC(7)   Evacuate Collection Set: 6.1ms
[2020-05-11T17:18:12.386-0900][gc,phases    ] GC(7)   Post Evacuate Collection Set: 0.5ms
[2020-05-11T17:18:12.386-0900][gc,phases    ] GC(7)   Other: 0.5ms
[2020-05-11T17:18:12.386-0900][gc,heap      ] GC(7) Eden regions: 46->0(47)
[2020-05-11T17:18:12.386-0900][gc,heap      ] GC(7) Survivor regions: 5->4(7)
[2020-05-11T17:18:12.386-0900][gc,heap      ] GC(7) Old regions: 11->13
[2020-05-11T17:18:12.386-0900][gc,heap      ] GC(7) Archive regions: 2->2
[2020-05-11T17:18:12.386-0900][gc,heap      ] GC(7) Humongous regions: 129->129
[2020-05-11T17:18:12.386-0900][gc,metaspace ] GC(7) Metaspace: 38562K(40624K)->38562K(40624K) NonClass: 33432K(34480K)->33432K(34480K) Class: 5130K(6144K)->5130K(6144K)
[2020-05-11T17:18:12.387-0900][gc           ] GC(7) Pause Young (Normal) (G1 Evacuation Pause) 190M->146M(1024M) 7.451ms
[2020-05-11T17:18:12.387-0900][gc,cpu       ] GC(7) User=0.03s Sys=0.00s Real=0.01s
[2020-05-11T17:26:05.295-0900][gc,start     ] GC(8) Pause Young (Normal) (G1 Evacuation Pause)
[2020-05-11T17:26:05.296-0900][gc,task      ] GC(8) Using 8 workers of 8 for evacuation
[2020-05-11T17:26:05.301-0900][gc,phases    ] GC(8)   Pre Evacuate Collection Set: 0.1ms
[2020-05-11T17:26:05.301-0900][gc,phases    ] GC(8)   Merge Heap Roots: 0.1ms
[2020-05-11T17:26:05.301-0900][gc,phases    ] GC(8)   Evacuate Collection Set: 4.6ms
[2020-05-11T17:26:05.301-0900][gc,phases    ] GC(8)   Post Evacuate Collection Set: 0.4ms
[2020-05-11T17:26:05.301-0900][gc,phases    ] GC(8)   Other: 0.7ms
[2020-05-11T17:26:05.301-0900][gc,heap      ] GC(8) Eden regions: 47->0(48)
[2020-05-11T17:26:05.301-0900][gc,heap      ] GC(8) Survivor regions: 4->4(7)
[2020-05-11T17:26:05.301-0900][gc,heap      ] GC(8) Old regions: 13->13
[2020-05-11T17:26:05.301-0900][gc,heap      ] GC(8) Archive regions: 2->2
[2020-05-11T17:26:05.301-0900][gc,heap      ] GC(8) Humongous regions: 129->129
[2020-05-11T17:26:05.301-0900][gc,metaspace ] GC(8) Metaspace: 38679K(40880K)->38679K(40880K) NonClass: 33549K(34736K)->33549K(34736K) Class: 5130K(6144K)->5130K(6144K)
[2020-05-11T17:26:05.301-0900][gc           ] GC(8) Pause Young (Normal) (G1 Evacuation Pause) 193M->146M(1024M) 6.170ms
[2020-05-11T17:26:05.301-0900][gc,cpu       ] GC(8) User=0.03s Sys=0.01s Real=0.01s
[2020-05-11T17:34:39.694-0900][gc,start     ] GC(9) Pause Young (Normal) (G1 Evacuation Pause)
[2020-05-11T17:34:39.695-0900][gc,task      ] GC(9) Using 8 workers of 8 for evacuation
[2020-05-11T17:34:39.704-0900][gc,phases    ] GC(9)   Pre Evacuate Collection Set: 0.1ms
[2020-05-11T17:34:39.704-0900][gc,phases    ] GC(9)   Merge Heap Roots: 0.1ms
[2020-05-11T17:34:39.704-0900][gc,phases    ] GC(9)   Evacuate Collection Set: 7.8ms
[2020-05-11T17:34:39.704-0900][gc,phases    ] GC(9)   Post Evacuate Collection Set: 0.6ms
[2020-05-11T17:34:39.704-0900][gc,phases    ] GC(9)   Other: 1.2ms
[2020-05-11T17:34:39.704-0900][gc,heap      ] GC(9) Eden regions: 48->0(62)
[2020-05-11T17:34:39.704-0900][gc,heap      ] GC(9) Survivor regions: 4->4(7)
[2020-05-11T17:34:39.704-0900][gc,heap      ] GC(9) Old regions: 13->13
[2020-05-11T17:34:39.704-0900][gc,heap      ] GC(9) Archive regions: 2->2
[2020-05-11T17:34:39.704-0900][gc,heap      ] GC(9) Humongous regions: 129->129
[2020-05-11T17:34:39.704-0900][gc,metaspace ] GC(9) Metaspace: 38748K(40880K)->38748K(40880K) NonClass: 33617K(34736K)->33617K(34736K) Class: 5130K(6144K)->5130K(6144K)
[2020-05-11T17:34:39.704-0900][gc           ] GC(9) Pause Young (Normal) (G1 Evacuation Pause) 194M->146M(1024M) 9.899ms
[2020-05-11T17:34:39.704-0900][gc,cpu       ] GC(9) User=0.03s Sys=0.01s Real=0.01s
[2020-05-11T17:45:44.926-0900][gc,start     ] GC(10) Pause Young (Normal) (G1 Evacuation Pause)
[2020-05-11T17:45:44.928-0900][gc,task      ] GC(10) Using 8 workers of 8 for evacuation
[2020-05-11T17:45:45.022-0900][gc,mmu       ] GC(10) MMU target violated: 21.0ms (20.0ms/21.0ms)
[2020-05-11T17:45:45.022-0900][gc,phases    ] GC(10)   Pre Evacuate Collection Set: 7.4ms
[2020-05-11T17:45:45.022-0900][gc,phases    ] GC(10)   Merge Heap Roots: 2.6ms
[2020-05-11T17:45:45.022-0900][gc,phases    ] GC(10)   Evacuate Collection Set: 76.1ms
[2020-05-11T17:45:45.022-0900][gc,phases    ] GC(10)   Post Evacuate Collection Set: 4.7ms
[2020-05-11T17:45:45.022-0900][gc,phases    ] GC(10)   Other: 6.3ms
[2020-05-11T17:45:45.022-0900][gc,heap      ] GC(10) Eden regions: 62->0(47)
[2020-05-11T17:45:45.022-0900][gc,heap      ] GC(10) Survivor regions: 4->4(9)
[2020-05-11T17:45:45.022-0900][gc,heap      ] GC(10) Old regions: 13->13
[2020-05-11T17:45:45.022-0900][gc,heap      ] GC(10) Archive regions: 2->2
[2020-05-11T17:45:45.022-0900][gc,heap      ] GC(10) Humongous regions: 129->129
[2020-05-11T17:45:45.022-0900][gc,metaspace ] GC(10) Metaspace: 38865K(41136K)->38865K(41136K) NonClass: 33734K(34992K)->33734K(34992K) Class: 5130K(6144K)->5130K(6144K)
[2020-05-11T17:45:45.022-0900][gc           ] GC(10) Pause Young (Normal) (G1 Evacuation Pause) 208M->146M(1024M) 95.915ms
[2020-05-11T17:45:45.022-0900][gc,cpu       ] GC(10) User=0.04s Sys=0.08s Real=0.10s
[2020-05-11T19:23:15.509-0900][gc,start     ] GC(11) Pause Young (Normal) (G1 Evacuation Pause)
[2020-05-11T19:23:15.509-0900][gc,task      ] GC(11) Using 8 workers of 8 for evacuation
[2020-05-11T19:23:15.606-0900][gc,mmu       ] GC(11) MMU target violated: 21.0ms (20.0ms/21.0ms)
[2020-05-11T19:23:15.606-0900][gc,phases    ] GC(11)   Pre Evacuate Collection Set: 1.7ms
[2020-05-11T19:23:15.606-0900][gc,phases    ] GC(11)   Merge Heap Roots: 1.4ms
[2020-05-11T19:23:15.606-0900][gc,phases    ] GC(11)   Evacuate Collection Set: 92.4ms
[2020-05-11T19:23:15.606-0900][gc,phases    ] GC(11)   Post Evacuate Collection Set: 1.1ms
[2020-05-11T19:23:15.606-0900][gc,phases    ] GC(11)   Other: 0.5ms
[2020-05-11T19:23:15.606-0900][gc,heap      ] GC(11) Eden regions: 47->0(47)
[2020-05-11T19:23:15.606-0900][gc,heap      ] GC(11) Survivor regions: 4->4(7)
[2020-05-11T19:23:15.606-0900][gc,heap      ] GC(11) Old regions: 13->13
[2020-05-11T19:23:15.606-0900][gc,heap      ] GC(11) Archive regions: 2->2
[2020-05-11T19:23:15.606-0900][gc,heap      ] GC(11) Humongous regions: 129->129
[2020-05-11T19:23:15.606-0900][gc,metaspace ] GC(11) Metaspace: 39130K(41392K)->39130K(41392K) NonClass: 33996K(35248K)->33996K(35248K) Class: 5134K(6144K)->5134K(6144K)
[2020-05-11T19:23:15.606-0900][gc           ] GC(11) Pause Young (Normal) (G1 Evacuation Pause) 193M->146M(1024M) 97.256ms
[2020-05-11T19:23:15.606-0900][gc,cpu       ] GC(11) User=0.03s Sys=0.15s Real=0.10s
[2020-05-11T20:25:18.126-0900][gc,start     ] GC(12) Pause Young (Normal) (G1 Evacuation Pause)
[2020-05-11T20:25:18.126-0900][gc,task      ] GC(12) Using 8 workers of 8 for evacuation
[2020-05-11T20:25:18.165-0900][gc,mmu       ] GC(12) MMU target violated: 21.0ms (20.0ms/21.0ms)
[2020-05-11T20:25:18.165-0900][gc,phases    ] GC(12)   Pre Evacuate Collection Set: 2.0ms
[2020-05-11T20:25:18.165-0900][gc,phases    ] GC(12)   Merge Heap Roots: 1.1ms
[2020-05-11T20:25:18.165-0900][gc,phases    ] GC(12)   Evacuate Collection Set: 33.3ms
[2020-05-11T20:25:18.165-0900][gc,phases    ] GC(12)   Post Evacuate Collection Set: 2.1ms
[2020-05-11T20:25:18.165-0900][gc,phases    ] GC(12)   Other: 1.4ms
[2020-05-11T20:25:18.165-0900][gc,heap      ] GC(12) Eden regions: 47->0(47)
[2020-05-11T20:25:18.165-0900][gc,heap      ] GC(12) Survivor regions: 4->4(7)
[2020-05-11T20:25:18.165-0900][gc,heap      ] GC(12) Old regions: 13->13
[2020-05-11T20:25:18.165-0900][gc,heap      ] GC(12) Archive regions: 2->2
[2020-05-11T20:25:18.165-0900][gc,heap      ] GC(12) Humongous regions: 129->129
[2020-05-11T20:25:18.165-0900][gc,metaspace ] GC(12) Metaspace: 39195K(41392K)->39195K(41392K) NonClass: 34050K(35248K)->34050K(35248K) Class: 5145K(6144K)->5145K(6144K)
[2020-05-11T20:25:18.165-0900][gc           ] GC(12) Pause Young (Normal) (G1 Evacuation Pause) 193M->146M(1024M) 39.155ms
[2020-05-11T20:25:18.165-0900][gc,cpu       ] GC(12) User=0.02s Sys=0.08s Real=0.04s
[2020-05-11T20:44:03.212-0900][gc,start     ] GC(13) Pause Young (Normal) (G1 Evacuation Pause)
[2020-05-11T20:44:03.213-0900][gc,task      ] GC(13) Using 8 workers of 8 for evacuation
[2020-05-11T20:44:03.224-0900][gc,phases    ] GC(13)   Pre Evacuate Collection Set: 0.2ms
[2020-05-11T20:44:03.224-0900][gc,phases    ] GC(13)   Merge Heap Roots: 0.1ms
[2020-05-11T20:44:03.224-0900][gc,phases    ] GC(13)   Evacuate Collection Set: 9.6ms
[2020-05-11T20:44:03.224-0900][gc,phases    ] GC(13)   Post Evacuate Collection Set: 0.6ms
[2020-05-11T20:44:03.224-0900][gc,phases    ] GC(13)   Other: 1.1ms
[2020-05-11T20:44:03.224-0900][gc,heap      ] GC(13) Eden regions: 47->0(47)
[2020-05-11T20:44:03.224-0900][gc,heap      ] GC(13) Survivor regions: 4->4(7)
[2020-05-11T20:44:03.224-0900][gc,heap      ] GC(13) Old regions: 13->13
[2020-05-11T20:44:03.224-0900][gc,heap      ] GC(13) Archive regions: 2->2
[2020-05-11T20:44:03.224-0900][gc,heap      ] GC(13) Humongous regions: 129->129
[2020-05-11T20:44:03.224-0900][gc,metaspace ] GC(13) Metaspace: 39459K(41648K)->39459K(41648K) NonClass: 34306K(35504K)->34306K(35504K) Class: 5153K(6144K)->5153K(6144K)
[2020-05-11T20:44:03.224-0900][gc           ] GC(13) Pause Young (Normal) (G1 Evacuation Pause) 193M->146M(1024M) 11.690ms
[2020-05-11T20:44:03.224-0900][gc,cpu       ] GC(13) User=0.03s Sys=0.01s Real=0.01s
[2020-05-11T21:02:34.368-0900][gc,start     ] GC(14) Pause Young (Normal) (G1 Evacuation Pause)
[2020-05-11T21:02:34.368-0900][gc,task      ] GC(14) Using 8 workers of 8 for evacuation
[2020-05-11T21:02:34.381-0900][gc,phases    ] GC(14)   Pre Evacuate Collection Set: 0.2ms
[2020-05-11T21:02:34.381-0900][gc,phases    ] GC(14)   Merge Heap Roots: 0.1ms
[2020-05-11T21:02:34.381-0900][gc,phases    ] GC(14)   Evacuate Collection Set: 12.2ms
[2020-05-11T21:02:34.381-0900][gc,phases    ] GC(14)   Post Evacuate Collection Set: 0.6ms
[2020-05-11T21:02:34.381-0900][gc,phases    ] GC(14)   Other: 1.3ms
[2020-05-11T21:02:34.381-0900][gc,heap      ] GC(14) Eden regions: 47->0(47)
[2020-05-11T21:02:34.381-0900][gc,heap      ] GC(14) Survivor regions: 4->4(7)
[2020-05-11T21:02:34.381-0900][gc,heap      ] GC(14) Old regions: 13->13
[2020-05-11T21:02:34.381-0900][gc,heap      ] GC(14) Archive regions: 2->2
[2020-05-11T21:02:34.381-0900][gc,heap      ] GC(14) Humongous regions: 129->129
[2020-05-11T21:02:34.381-0900][gc,metaspace ] GC(14) Metaspace: 39489K(41648K)->39489K(41648K) NonClass: 34336K(35504K)->34336K(35504K) Class: 5153K(6144K)->5153K(6144K)
[2020-05-11T21:02:34.381-0900][gc           ] GC(14) Pause Young (Normal) (G1 Evacuation Pause) 193M->146M(1024M) 13.572ms
[2020-05-11T21:02:34.381-0900][gc,cpu       ] GC(14) User=0.02s Sys=0.01s Real=0.02s
[2020-05-11T21:21:18.766-0900][gc,start     ] GC(15) Pause Young (Normal) (G1 Evacuation Pause)
[2020-05-11T21:21:18.766-0900][gc,task      ] GC(15) Using 8 workers of 8 for evacuation
[2020-05-11T21:21:18.789-0900][gc,mmu       ] GC(15) MMU target violated: 21.0ms (20.0ms/21.0ms)
[2020-05-11T21:21:18.789-0900][gc,phases    ] GC(15)   Pre Evacuate Collection Set: 2.0ms
[2020-05-11T21:21:18.789-0900][gc,phases    ] GC(15)   Merge Heap Roots: 0.2ms
[2020-05-11T21:21:18.789-0900][gc,phases    ] GC(15)   Evacuate Collection Set: 18.9ms
[2020-05-11T21:21:18.789-0900][gc,phases    ] GC(15)   Post Evacuate Collection Set: 1.0ms
[2020-05-11T21:21:18.789-0900][gc,phases    ] GC(15)   Other: 0.6ms
[2020-05-11T21:21:18.789-0900][gc,heap      ] GC(15) Eden regions: 47->0(47)
[2020-05-11T21:21:18.789-0900][gc,heap      ] GC(15) Survivor regions: 4->4(7)
[2020-05-11T21:21:18.789-0900][gc,heap      ] GC(15) Old regions: 13->13
[2020-05-11T21:21:18.789-0900][gc,heap      ] GC(15) Archive regions: 2->2
[2020-05-11T21:21:18.789-0900][gc,heap      ] GC(15) Humongous regions: 129->129
[2020-05-11T21:21:18.789-0900][gc,metaspace ] GC(15) Metaspace: 39520K(41648K)->39520K(41648K) NonClass: 34367K(35504K)->34367K(35504K) Class: 5153K(6144K)->5153K(6144K)
[2020-05-11T21:21:18.789-0900][gc           ] GC(15) Pause Young (Normal) (G1 Evacuation Pause) 193M->146M(1024M) 22.834ms
[2020-05-11T21:21:18.789-0900][gc,cpu       ] GC(15) User=0.03s Sys=0.07s Real=0.02s
[2020-05-11T21:40:06.079-0900][gc,start     ] GC(16) Pause Young (Normal) (G1 Evacuation Pause)
[2020-05-11T21:40:06.080-0900][gc,task      ] GC(16) Using 8 workers of 8 for evacuation
[2020-05-11T21:40:06.088-0900][gc,phases    ] GC(16)   Pre Evacuate Collection Set: 0.1ms
[2020-05-11T21:40:06.088-0900][gc,phases    ] GC(16)   Merge Heap Roots: 0.1ms
[2020-05-11T21:40:06.088-0900][gc,phases    ] GC(16)   Evacuate Collection Set: 5.9ms
[2020-05-11T21:40:06.088-0900][gc,phases    ] GC(16)   Post Evacuate Collection Set: 1.8ms
[2020-05-11T21:40:06.088-0900][gc,phases    ] GC(16)   Other: 1.1ms
[2020-05-11T21:40:06.088-0900][gc,heap      ] GC(16) Eden regions: 47->0(47)
[2020-05-11T21:40:06.088-0900][gc,heap      ] GC(16) Survivor regions: 4->4(7)
[2020-05-11T21:40:06.088-0900][gc,heap      ] GC(16) Old regions: 13->13
[2020-05-11T21:40:06.088-0900][gc,heap      ] GC(16) Archive regions: 2->2
[2020-05-11T21:40:06.088-0900][gc,heap      ] GC(16) Humongous regions: 129->129
[2020-05-11T21:40:06.088-0900][gc,metaspace ] GC(16) Metaspace: 39524K(41648K)->39524K(41648K) NonClass: 34371K(35504K)->34371K(35504K) Class: 5153K(6144K)->5153K(6144K)
[2020-05-11T21:40:06.088-0900][gc           ] GC(16) Pause Young (Normal) (G1 Evacuation Pause) 193M->146M(1024M) 9.161ms
[2020-05-11T21:40:06.089-0900][gc,cpu       ] GC(16) User=0.03s Sys=0.01s Real=0.01s
[2020-05-11T21:58:57.705-0900][gc,start     ] GC(17) Pause Young (Normal) (G1 Evacuation Pause)
[2020-05-11T21:58:57.705-0900][gc,task      ] GC(17) Using 8 workers of 8 for evacuation
[2020-05-11T21:58:57.716-0900][gc,phases    ] GC(17)   Pre Evacuate Collection Set: 0.3ms
[2020-05-11T21:58:57.716-0900][gc,phases    ] GC(17)   Merge Heap Roots: 0.2ms
[2020-05-11T21:58:57.716-0900][gc,phases    ] GC(17)   Evacuate Collection Set: 8.8ms
[2020-05-11T21:58:57.716-0900][gc,phases    ] GC(17)   Post Evacuate Collection Set: 0.7ms
[2020-05-11T21:58:57.716-0900][gc,phases    ] GC(17)   Other: 0.6ms
[2020-05-11T21:58:57.716-0900][gc,heap      ] GC(17) Eden regions: 47->0(47)
[2020-05-11T21:58:57.716-0900][gc,heap      ] GC(17) Survivor regions: 4->4(7)
[2020-05-11T21:58:57.716-0900][gc,heap      ] GC(17) Old regions: 13->13
[2020-05-11T21:58:57.716-0900][gc,heap      ] GC(17) Archive regions: 2->2
[2020-05-11T21:58:57.716-0900][gc,heap      ] GC(17) Humongous regions: 129->129
[2020-05-11T21:58:57.716-0900][gc,metaspace ] GC(17) Metaspace: 39527K(41648K)->39527K(41648K) NonClass: 34373K(35504K)->34373K(35504K) Class: 5153K(6144K)->5153K(6144K)
[2020-05-11T21:58:57.716-0900][gc           ] GC(17) Pause Young (Normal) (G1 Evacuation Pause) 193M->146M(1024M) 10.853ms
[2020-05-11T21:58:57.716-0900][gc,cpu       ] GC(17) User=0.03s Sys=0.02s Real=0.01s
[2020-05-11T22:17:54.116-0900][gc,start     ] GC(18) Pause Young (Normal) (G1 Evacuation Pause)
[2020-05-11T22:17:54.116-0900][gc,task      ] GC(18) Using 8 workers of 8 for evacuation
[2020-05-11T22:17:54.123-0900][gc,phases    ] GC(18)   Pre Evacuate Collection Set: 0.1ms
[2020-05-11T22:17:54.123-0900][gc,phases    ] GC(18)   Merge Heap Roots: 0.1ms
[2020-05-11T22:17:54.123-0900][gc,phases    ] GC(18)   Evacuate Collection Set: 6.1ms
[2020-05-11T22:17:54.123-0900][gc,phases    ] GC(18)   Post Evacuate Collection Set: 0.5ms
[2020-05-11T22:17:54.123-0900][gc,phases    ] GC(18)   Other: 1.8ms
[2020-05-11T22:17:54.123-0900][gc,heap      ] GC(18) Eden regions: 47->0(47)
[2020-05-11T22:17:54.123-0900][gc,heap      ] GC(18) Survivor regions: 4->4(7)
[2020-05-11T22:17:54.123-0900][gc,heap      ] GC(18) Old regions: 13->13
[2020-05-11T22:17:54.123-0900][gc,heap      ] GC(18) Archive regions: 2->2
[2020-05-11T22:17:54.123-0900][gc,heap      ] GC(18) Humongous regions: 129->129
[2020-05-11T22:17:54.123-0900][gc,metaspace ] GC(18) Metaspace: 39552K(41904K)->39552K(41904K) NonClass: 34398K(35760K)->34398K(35760K) Class: 5153K(6144K)->5153K(6144K)
[2020-05-11T22:17:54.123-0900][gc           ] GC(18) Pause Young (Normal) (G1 Evacuation Pause) 193M->146M(1024M) 7.277ms
[2020-05-11T22:17:54.123-0900][gc,cpu       ] GC(18) User=0.02s Sys=0.00s Real=0.01s
[2020-05-11T22:36:54.721-0900][gc,start     ] GC(19) Pause Young (Normal) (G1 Evacuation Pause)
[2020-05-11T22:36:54.721-0900][gc,task      ] GC(19) Using 8 workers of 8 for evacuation
[2020-05-11T22:36:54.728-0900][gc,phases    ] GC(19)   Pre Evacuate Collection Set: 0.1ms
[2020-05-11T22:36:54.728-0900][gc,phases    ] GC(19)   Merge Heap Roots: 0.1ms
[2020-05-11T22:36:54.728-0900][gc,phases    ] GC(19)   Evacuate Collection Set: 5.8ms
[2020-05-11T22:36:54.728-0900][gc,phases    ] GC(19)   Post Evacuate Collection Set: 0.6ms
[2020-05-11T22:36:54.728-0900][gc,phases    ] GC(19)   Other: 0.6ms
[2020-05-11T22:36:54.728-0900][gc,heap      ] GC(19) Eden regions: 47->0(537)
[2020-05-11T22:36:54.728-0900][gc,heap      ] GC(19) Survivor regions: 4->4(7)
[2020-05-11T22:36:54.728-0900][gc,heap      ] GC(19) Old regions: 13->14
[2020-05-11T22:36:54.728-0900][gc,heap      ] GC(19) Archive regions: 2->2
[2020-05-11T22:36:54.728-0900][gc,heap      ] GC(19) Humongous regions: 129->129
[2020-05-11T22:36:54.728-0900][gc,metaspace ] GC(19) Metaspace: 39559K(41904K)->39559K(41904K) NonClass: 34406K(35760K)->34406K(35760K) Class: 5153K(6144K)->5153K(6144K)
[2020-05-11T22:36:54.728-0900][gc           ] GC(19) Pause Young (Normal) (G1 Evacuation Pause) 193M->146M(1024M) 7.366ms
[2020-05-11T22:36:54.728-0900][gc,cpu       ] GC(19) User=0.04s Sys=0.01s Real=0.00s
